skills=18 cmds=6+6 refs=15 themes=20 docs=7 v4.0.0
wrote index.html 16562
wrote skills.html 33740
wrote commands.html 23900
wrote doc-architecture.html 49609
wrote doc-consolidation-decisions.html 34768
wrote doc-hooks-and-init-design.html 12265
wrote doc-improvements.html 25987
wrote doc-invocation-contracts.html 6310
wrote doc-usage-guide.html 20229
wrote doc-validation-results.html 37824
wrote ref-api-validation.html 12198
wrote ref-ci-gates.html 5082
wrote ref-cli-validation.html 19134
wrote ref-defect-pattern-database.html 24741
wrote ref-docs-acquisition.html 12412
wrote ref-end-user-actor.html 8960
wrote ref-evidence-contract.html 10130
wrote ref-ios-hig-checklist.html 12281
wrote ref-ios-validation.html 12146
wrote ref-platform-routing.html 7605
wrote ref-preflight-checks.html 9193
wrote ref-run-trace-schema.html 50585
wrote ref-severity-model.html 6184
wrote ref-web-validation.html 16401
wrote ref-web-wcag-checklist.html 17878
wrote docs.html 10496
wrote install.html 5985
DONE
