subtype: hook_started keys: ['hook_event', 'hook_id', 'hook_name', 'session_id', 'subtype', 'type', 'uuid']
subtype: hook_started keys: ['hook_event', 'hook_id', 'hook_name', 'session_id', 'subtype', 'type', 'uuid']
subtype: hook_started keys: ['hook_event', 'hook_id', 'hook_name', 'session_id', 'subtype', 'type', 'uuid']
subtype: hook_started keys: ['hook_event', 'hook_id', 'hook_name', 'session_id', 'subtype', 'type', 'uuid']
subtype: hook_started keys: ['hook_event', 'hook_id', 'hook_name', 'session_id', 'subtype', 'type', 'uuid']
subtype: hook_started keys: ['hook_event', 'hook_id', 'hook_name', 'session_id', 'subtype', 'type', 'uuid']
subtype: hook_started keys: ['hook_event', 'hook_id', 'hook_name', 'session_id', 'subtype', 'type', 'uuid']
subtype: hook_started keys: ['hook_event', 'hook_id', 'hook_name', 'session_id', 'subtype', 'type', 'uuid']
subtype: hook_started keys: ['hook_event', 'hook_id', 'hook_name', 'session_id', 'subtype', 'type', 'uuid']
subtype: hook_started keys: ['hook_event', 'hook_id', 'hook_name', 'session_id', 'subtype', 'type', 'uuid']
subtype: hook_response keys: ['exit_code', 'hook_event', 'hook_id', 'hook_name', 'outcome', 'output', 'session_id', 'stderr', 'stdout', 'subtype', 'type', 'uuid']
subtype: hook_response keys: ['exit_code', 'hook_event', 'hook_id', 'hook_name', 'outcome', 'output', 'session_id', 'stderr', 'stdout', 'subtype', 'type', 'uuid']
subtype: hook_response keys: ['exit_code', 'hook_event', 'hook_id', 'hook_name', 'outcome', 'output', 'session_id', 'stderr', 'stdout', 'subtype', 'type', 'uuid']
subtype: hook_response keys: ['exit_code', 'hook_event', 'hook_id', 'hook_name', 'outcome', 'output', 'session_id', 'stderr', 'stdout', 'subtype', 'type', 'uuid']
subtype: hook_response keys: ['exit_code', 'hook_event', 'hook_id', 'hook_name', 'outcome', 'output', 'session_id', 'stderr', 'stdout', 'subtype', 'type', 'uuid']
subtype: hook_response keys: ['exit_code', 'hook_event', 'hook_id', 'hook_name', 'outcome', 'output', 'session_id', 'stderr', 'stdout', 'subtype', 'type', 'uuid']
subtype: hook_response keys: ['exit_code', 'hook_event', 'hook_id', 'hook_name', 'outcome', 'output', 'session_id', 'stderr', 'stdout', 'subtype', 'type', 'uuid']
subtype: hook_response keys: ['exit_code', 'hook_event', 'hook_id', 'hook_name', 'outcome', 'output', 'session_id', 'stderr', 'stdout', 'subtype', 'type', 'uuid']
subtype: hook_response keys: ['exit_code', 'hook_event', 'hook_id', 'hook_name', 'outcome', 'output', 'session_id', 'stderr', 'stdout', 'subtype', 'type', 'uuid']
subtype: hook_response keys: ['exit_code', 'hook_event', 'hook_id', 'hook_name', 'outcome', 'output', 'session_id', 'stderr', 'stdout', 'subtype', 'type', 'uuid']
ADVERTISED TOOLS: []
an error occurred during closing of asynchronous generator <async_generator object InternalClient._process_query_inner at 0x113a02f80>
asyncgen: <async_generator object InternalClient._process_query_inner at 0x113a02f80>
RuntimeError: aclose(): asynchronous generator is already running
