subjects=21 evidence_files=943
PASS tools/dry-run-install.sh -> evidence/v3-release/00-baseline/citation-integrity-finding.md
UNPROVEN-LIVE tools/sdk_probe.py (live-session harness; hermetic gate cannot re-drive)
PASS tools/test-hooks.sh -> e2e-evidence/FIXES.md
PASS tools/test-installer.sh -> e2e-evidence/run-20260901T225244-bash-detector/step-04-design-and-parity.txt
PASS tools/verify-citations.py -> e2e-evidence/run-20260904T142528-v3-orchestrated/lane-citations/VERDICT.md
PASS tools/verify-command-surface.py -> evidence/v3-release/l16-harness/new-harness-declarations.md
PASS tools/verify-harness-integrity.py -> evidence/v3-release/l2-trace/INDEPENDENT-VERIFICATION.md
PASS tools/verify-orchestration.py -> evidence/v3-release/00-discovery/d3-gate-inventory.md
PASS tools/verify-router-links.py -> e2e-evidence/run-20260904T142528-v3-orchestrated/lane-head/VERDICT.md
PASS plugins/proofpunk/hooks/bash-write-notice.sh -> e2e-evidence/run-20260901T225244-bash-detector/step-04-design-and-parity.txt
PASS plugins/proofpunk/hooks/bash-write-snapshot.sh -> e2e-evidence/run-20260901T225244-bash-detector/step-04-design-and-parity.txt
PASS plugins/proofpunk/hooks/capture-guard.sh -> e2e-evidence/run-20260827T210954-capture-guard-after/verdict.json
PASS plugins/proofpunk/hooks/evidence-guard.sh -> e2e-evidence/run-20260827T213000-installer-hook-registration/verdict.json
PASS plugins/proofpunk/hooks/instructions-loaded.sh -> e2e-evidence/run-20260904T142528-v3-orchestrated/lane-hooks/evidence-inventory.txt
PASS plugins/proofpunk/hooks/no-test-files.sh -> e2e-evidence/run-sdk-probes/VERDICT.md
PASS plugins/proofpunk/hooks/post-write-walkthrough.sh -> e2e-evidence/run-20260904T142528-v3-orchestrated/lane-hooks/evidence-inventory.txt
PASS plugins/proofpunk/hooks/session-start.sh -> e2e-evidence/run-20260904T142528-v3-orchestrated/lane-hooks/evidence-inventory.txt
PASS plugins/proofpunk/hooks/stop-guard.sh -> e2e-evidence/run-sdk-probes/VERDICT.md
linked=17 unproven=1 fail=3
VERDICT: FAIL
  NEW tools/verify-mutation-artifact.py has no mutation-test artifact under e2e-evidence/ or evidence/
  NEW tools/verify-proof-vocab.py has no mutation-test artifact under e2e-evidence/ or evidence/
  NEW tools/verify-shipped-vs-active.py has no mutation-test artifact under e2e-evidence/ or evidence/
